Computing SparseLU Factorization (50x50 matrix with 25x25 blocks)  completed!
Output size: 50
Output Matrix: A[0][0]=651.000000000000 
Output Matrix: A[0][20]=-1.964782714844 
Output Matrix: A[20][0]=0.000306113332 
Output Matrix: A[20][20]=600.017456054688 
Output Matrix: A[0][0]=0.011047363281 
Output Matrix: A[0][20]=-1.212585449219 
Output Matrix: A[20][0]=0.861737191677 
Output Matrix: A[20][20]=0.847030162811 

Program             = SparseLU (Single version)
Parameters          = S1=50x50, S2=25x25
Model               = OpenMP (using tasks)
Embedded cut-off    = none
Verification        = successful
Execution Message   = 
Architecture        = ;
Load Avg [1:5:15]   = ;;
Compilation Date    = 
Compilation Message = 
Compiler            = 
Compiler Flags      = 
Linker              = 
Linker Flags        = 
